nohup: ignoring input
warning: `VIRTUAL_ENV=/home/zsq/EduPPTXGenerator-feature-V3-design-upgrade/.venv` does not match the project environment path `.venv` and will be ignored; use `--active` to target the active environment instead
14:19:22 | INFO     | edupptx.agent - Session: output/session_20260424_141922 (debug=False)
14:19:22 | INFO     | edupptx.agent - Input ready: topic=生成物理《认识声现象》的教学ppt, has_doc=True, has_research=False
14:19:23 | INFO     | edupptx.planning.content_planner - Generating stage-1 planning outline for topic=生成物理《认识声现象》的教学ppt
14:20:28 | INFO     | edupptx.planning.content_planner - Stage-1 outline: 18 pages
14:20:28 | INFO     | edupptx.agent - Stage-1 outline: 18 pages
14:20:28 | INFO     | edupptx.agent - Template routing: style_name=lower_grade_playful_core, template_family=低年级, palette_id=physics_dark_teal, resolved_by=keyword
14:20:32 | INFO     | edupptx.planning.content_planner - Refining planning draft with template family=低年级
14:23:16 | INFO     | edupptx.planning.content_planner - Stage-2 refined draft: 18 pages before reveal expansion
14:23:16 | INFO     | edupptx.agent - Stage-2 refined draft: 18 pages before reveal expansion
14:23:16 | INFO     | edupptx.planning.content_planner - Reveal expansion complete: 21 pages
14:23:24 | INFO     | edupptx.agent - Design spec saved: output/session_20260424_141922/design_spec.md
14:23:24 | INFO     | edupptx.agent - Visual plan: primary=#2E6F95, bg_prompt=Subtle light cyan gradient background wi...
14:23:24 | INFO     | edupptx.materials.background_generator - Generating background image: Subtle light cyan gradient background with faint, blurred so...
14:24:09 | INFO     | edupptx.materials.background_generator - Background saved: output/session_20260424_141922/materials/background.png (4869 KB)
14:24:09 | INFO     | edupptx.materials.image_provider - Generating image [hero] ratio=16:9 size=2848x1600
14:25:03 | WARNING  | edupptx.materials.icons - Icon 'ear' not found in assets, using fallback circle
14:25:03 | WARNING  | edupptx.materials.icons - Icon 'edit-3' not found in assets, using fallback circle
14:25:03 | INFO     | edupptx.materials.image_provider - Generating image [illustration] ratio=16:9 size=2848x1600
14:26:01 | INFO     | edupptx.materials.image_provider - Generating image [illustration] ratio=4:3 size=2304x1728
14:26:01 | INFO     | edupptx.materials.image_provider - Generating image [illustration] ratio=4:3 size=2304x1728
14:26:50 | INFO     | edupptx.materials.image_provider - Generating image [illustration] ratio=16:9 size=2848x1600
14:27:53 | INFO     | edupptx.materials.image_provider - Generating image [illustration] ratio=4:3 size=2304x1728
14:29:10 | INFO     | edupptx.materials.image_provider - Generating image [illustration] ratio=16:9 size=2848x1600
14:30:26 | INFO     | edupptx.materials.image_provider - Generating image [illustration] ratio=1:1 size=2048x2048
14:30:26 | INFO     | edupptx.materials.image_provider - Generating image [illustration] ratio=1:1 size=2048x2048
14:30:26 | INFO     | edupptx.materials.image_provider - Generating image [illustration] ratio=1:1 size=2048x2048
14:31:18 | INFO     | edupptx.materials.image_provider - Generating image [illustration] ratio=4:3 size=2304x1728
14:31:58 | INFO     | edupptx.materials.image_provider - Generating image [illustration] ratio=4:3 size=2304x1728
14:33:05 | WARNING  | edupptx.materials.icons - Icon 'vibration' not found in assets, using fallback circle
14:33:05 | INFO     | edupptx.agent - Materials ready for 21 pages
14:33:05 | INFO     | edupptx.design.svg_generator - Style routing: style_name=lower_grade_playful_core, template_family=低年级, palette_id=physics_dark_teal
14:33:05 | INFO     | edupptx.design.svg_generator - Reveal pages detected; switching to sequential SVG generation
14:33:05 | INFO     | edupptx.design.svg_generator - Generating slide 1/21 SVG
14:33:27 | INFO     | edupptx.design.svg_generator - Slide 1 SVG generated, 2009 chars
14:33:27 | INFO     | edupptx.agent - Slide 1 raw SVG saved: output/session_20260424_141922/slides_raw/slide_01.svg
14:33:27 | INFO     | edupptx.design.svg_generator - Generating slide 2/21 SVG
14:34:09 | INFO     | edupptx.design.svg_generator - Slide 2 SVG generated, 4286 chars
14:34:09 | INFO     | edupptx.agent - Slide 2 raw SVG saved: output/session_20260424_141922/slides_raw/slide_02.svg
14:34:09 | INFO     | edupptx.design.svg_generator - Generating slide 3/21 SVG
14:34:28 | INFO     | edupptx.design.svg_generator - Slide 3 SVG generated, 1888 chars
14:34:28 | INFO     | edupptx.agent - Slide 3 raw SVG saved: output/session_20260424_141922/slides_raw/slide_03.svg
14:34:28 | INFO     | edupptx.design.svg_generator - Generating slide 4/21 SVG
14:35:07 | INFO     | edupptx.design.svg_generator - Slide 4 SVG generated, 3488 chars
14:35:07 | INFO     | edupptx.agent - Slide 4 raw SVG saved: output/session_20260424_141922/slides_raw/slide_04.svg
14:35:07 | INFO     | edupptx.design.svg_generator - Generating slide 5/21 SVG
14:35:44 | INFO     | edupptx.design.svg_generator - Slide 5 SVG generated, 5140 chars
14:35:44 | INFO     | edupptx.agent - Slide 5 raw SVG saved: output/session_20260424_141922/slides_raw/slide_05.svg
14:35:44 | INFO     | edupptx.design.svg_generator - Generating slide 6/21 SVG
14:36:07 | INFO     | edupptx.design.svg_generator - Slide 6 SVG generated, 2022 chars
14:36:07 | INFO     | edupptx.agent - Slide 6 raw SVG saved: output/session_20260424_141922/slides_raw/slide_06.svg
14:36:07 | INFO     | edupptx.design.svg_generator - Generating slide 7/21 SVG
14:36:33 | INFO     | edupptx.design.svg_generator - Slide 7 SVG generated, 2434 chars
14:36:33 | INFO     | edupptx.agent - Slide 7 raw SVG saved: output/session_20260424_141922/slides_raw/slide_07.svg
14:36:33 | INFO     | edupptx.design.svg_generator - Generating slide 8/21 SVG
14:37:14 | INFO     | edupptx.design.svg_generator - Slide 8 SVG generated, 5003 chars
14:37:14 | INFO     | edupptx.agent - Slide 8 raw SVG saved: output/session_20260424_141922/slides_raw/slide_08.svg
14:37:14 | INFO     | edupptx.design.svg_generator - Generating slide 9/21 SVG
14:37:46 | INFO     | edupptx.design.svg_generator - Slide 9 SVG generated, 3042 chars
14:37:46 | INFO     | edupptx.agent - Slide 9 raw SVG saved: output/session_20260424_141922/slides_raw/slide_09.svg
14:37:46 | INFO     | edupptx.design.svg_generator - Generating slide 10/21 SVG
14:38:22 | INFO     | edupptx.design.svg_generator - Slide 10 SVG generated, 4340 chars
14:38:22 | INFO     | edupptx.agent - Slide 10 raw SVG saved: output/session_20260424_141922/slides_raw/slide_10.svg
14:38:22 | INFO     | edupptx.design.svg_generator - Generating slide 11/21 SVG
14:38:58 | INFO     | edupptx.design.svg_generator - Slide 11 SVG generated, 3405 chars
14:38:58 | INFO     | edupptx.agent - Slide 11 raw SVG saved: output/session_20260424_141922/slides_raw/slide_11.svg
14:38:58 | INFO     | edupptx.design.svg_generator - Generating slide 12/21 SVG
14:39:37 | INFO     | edupptx.design.svg_generator - Slide 12 SVG generated, 4580 chars
14:39:37 | INFO     | edupptx.agent - Slide 12 raw SVG saved: output/session_20260424_141922/slides_raw/slide_12.svg
14:39:37 | INFO     | edupptx.design.svg_generator - Generating slide 13/21 SVG
14:40:35 | INFO     | edupptx.design.svg_generator - Slide 13 SVG generated, 5474 chars
14:40:35 | INFO     | edupptx.agent - Slide 13 raw SVG saved: output/session_20260424_141922/slides_raw/slide_13.svg
14:40:35 | INFO     | edupptx.design.svg_generator - Generating slide 14/21 SVG
14:40:51 | INFO     | edupptx.design.svg_generator - Slide 14 SVG generated, 1496 chars
14:40:51 | INFO     | edupptx.agent - Slide 14 raw SVG saved: output/session_20260424_141922/slides_raw/slide_14.svg
14:40:51 | INFO     | edupptx.design.svg_generator - Generating slide 15/21 SVG
14:41:35 | INFO     | edupptx.design.svg_generator - Slide 15 SVG generated, 5601 chars
14:41:35 | INFO     | edupptx.agent - Slide 15 raw SVG saved: output/session_20260424_141922/slides_raw/slide_15.svg
14:41:35 | INFO     | edupptx.design.svg_generator - Generating slide 16/21 SVG
14:42:31 | INFO     | edupptx.design.svg_generator - Slide 16 SVG generated, 6389 chars
14:42:31 | INFO     | edupptx.agent - Slide 16 raw SVG saved: output/session_20260424_141922/slides_raw/slide_16.svg
14:42:31 | INFO     | edupptx.design.svg_generator - Generating slide 17/21 SVG
14:43:23 | INFO     | edupptx.design.svg_generator - Slide 17 SVG generated, 6174 chars
14:43:23 | INFO     | edupptx.agent - Slide 17 raw SVG saved: output/session_20260424_141922/slides_raw/slide_17.svg
14:43:23 | INFO     | edupptx.design.svg_generator - Generating slide 18/21 SVG
14:44:29 | INFO     | edupptx.design.svg_generator - Slide 18 SVG generated, 7203 chars
14:44:29 | INFO     | edupptx.agent - Slide 18 raw SVG saved: output/session_20260424_141922/slides_raw/slide_18.svg
14:44:29 | INFO     | edupptx.design.svg_generator - Generating slide 19/21 SVG
14:45:51 | INFO     | edupptx.design.svg_generator - Slide 19 SVG generated, 10557 chars
14:45:51 | INFO     | edupptx.agent - Slide 19 raw SVG saved: output/session_20260424_141922/slides_raw/slide_19.svg
14:45:51 | INFO     | edupptx.design.svg_generator - Generating slide 20/21 SVG
14:47:14 | INFO     | edupptx.design.svg_generator - Slide 20 SVG generated, 11329 chars
14:47:14 | INFO     | edupptx.agent - Slide 20 raw SVG saved: output/session_20260424_141922/slides_raw/slide_20.svg
14:47:14 | INFO     | edupptx.design.svg_generator - Generating slide 21/21 SVG
14:47:37 | INFO     | edupptx.design.svg_generator - Slide 21 SVG generated, 2401 chars
14:47:37 | INFO     | edupptx.agent - Slide 21 raw SVG saved: output/session_20260424_141922/slides_raw/slide_21.svg
14:47:37 | INFO     | edupptx.design.svg_generator - SVG generation completed: 21 slides
14:47:37 | INFO     | edupptx.agent - Generated 21 SVG slides
14:47:37 | WARNING  | edupptx.agent - Slide 2: Fixed <circle> y=100 → cy=100
14:47:37 | WARNING  | edupptx.agent - Slide 1: 页面标题位置异常：y=400（应在 y=50 附近）。标题可能被卡片遮挡或布局错乱，建议移到 y=50
14:47:37 | WARNING  | edupptx.agent - Slide 2: Fixed <circle> y=80 → cy=80
14:47:37 | WARNING  | edupptx.agent - Slide 4: Wrapped long text (10 chars) into 2 lines for 140px
14:47:37 | WARNING  | edupptx.agent - Slide 2: Fixed <circle> y=650 → cy=650
14:47:37 | WARNING  | edupptx.agent - Slide 4: Wrapped long text (11 chars) into 2 lines for 140px
14:47:37 | WARNING  | edupptx.agent - Slide 2: Auto-fixed circle label "1": snapped to cx=112,cy=176 + dominant-baseline
14:47:37 | WARNING  | edupptx.agent - Slide 2: Auto-fixed circle label "2": snapped to cx=722,cy=176 + dominant-baseline
14:47:37 | WARNING  | edupptx.agent - Slide 2: Auto-fixed circle label "3": snapped to cx=112,cy=284 + dominant-baseline
14:47:37 | WARNING  | edupptx.agent - Slide 2: Auto-fixed circle label "4": snapped to cx=722,cy=284 + dominant-baseline
14:47:37 | WARNING  | edupptx.agent - Slide 2: Auto-fixed circle label "5": snapped to cx=112,cy=392 + dominant-baseline
14:47:37 | WARNING  | edupptx.agent - Slide 2: Auto-fixed circle label "6": snapped to cx=722,cy=392 + dominant-baseline
14:47:38 | WARNING  | edupptx.agent - Slide 5: Fixed <circle> y=80 → cy=80
14:47:38 | WARNING  | edupptx.agent - Slide 5: Fixed <circle> y=60 → cy=60
14:47:38 | WARNING  | edupptx.agent - Slide 5: Fixed <circle> y=200 → cy=200
14:47:38 | WARNING  | edupptx.agent - Slide 5: Fixed <circle> y=450 → cy=450
14:47:38 | WARNING  | edupptx.agent - Slide 5: Fixed <circle> y=350 → cy=350
14:47:38 | WARNING  | edupptx.agent - Slide 5: Fixed <circle> y=550 → cy=550
14:47:38 | WARNING  | edupptx.agent - Slide 7: Clamped <rect> x=40 to 50
14:47:38 | WARNING  | edupptx.agent - Slide 8: Fixed <circle> y=550 → cy=550
14:47:38 | WARNING  | edupptx.agent - Slide 8: Fixed <circle> y=200 → cy=200
14:47:38 | WARNING  | edupptx.agent - Slide 8: Fixed <circle> y=580 → cy=580
14:47:38 | WARNING  | edupptx.agent - Slide 8: Wrapped long text (44 chars) into 2 lines for 538px
14:47:38 | WARNING  | edupptx.agent - Slide 8: Wrapped long text (31 chars) into 2 lines for 538px
14:47:38 | WARNING  | edupptx.agent - Slide 8: Clamped <rect> x=40 to 50
14:47:38 | WARNING  | edupptx.agent - Slide 9: Wrapped long text (11 chars) into 2 lines for 217px
14:47:38 | WARNING  | edupptx.agent - Slide 10: Fixed <circle> y=60 → cy=60
14:47:38 | WARNING  | edupptx.agent - Slide 10: Fixed <circle> y=85 → cy=85
14:47:38 | WARNING  | edupptx.agent - Slide 10: Fixed <circle> y=650 → cy=650
14:47:38 | WARNING  | edupptx.agent - Slide 10: PPT 对 SVG clipPath 支持有限，可能导致渲染差异
14:47:38 | WARNING  | edupptx.agent - Slide 11: Auto-fixed circle label "1": snapped to cx=614,cy=240 + dominant-baseline
14:47:38 | WARNING  | edupptx.agent - Slide 11: Auto-fixed circle label "2": snapped to cx=614,cy=330 + dominant-baseline
14:47:38 | WARNING  | edupptx.agent - Slide 11: Auto-fixed circle label "3": snapped to cx=614,cy=445 + dominant-baseline
14:47:38 | WARNING  | edupptx.agent - Slide 11: PPT 对 SVG clipPath 支持有限，可能导致渲染差异
14:47:38 | WARNING  | edupptx.agent - Slide 11: Adjusted image to fit card bounds 480x360->448x336
14:47:38 | WARNING  | edupptx.agent - Slide 11: Expanded card height 360->400 (text bottom 535 overflowed card bottom 498); shifted 1 following cards by 40
14:47:58 | INFO     | edupptx.postprocess.svg_reviewer - Slide 1 reviewed by LLM (1978 chars)
14:47:58 | WARNING  | edupptx.agent - Slide 12: Fixed <circle> y=120 → cy=120
14:47:58 | WARNING  | edupptx.agent - Slide 12: Fixed <circle> y=90 → cy=90
14:47:58 | WARNING  | edupptx.agent - Slide 12: Fixed <circle> y=180 → cy=180
14:47:58 | WARNING  | edupptx.agent - Slide 12: Fixed <circle> y=670 → cy=670
14:47:58 | WARNING  | edupptx.agent - Slide 12: Fixed <circle> y=660 → cy=660
14:47:58 | WARNING  | edupptx.agent - Slide 12: Auto-fixed circle label "1": snapped to cx=842,cy=208 + dominant-baseline
14:47:58 | WARNING  | edupptx.agent - Slide 12: Auto-fixed circle label "2": snapped to cx=842,cy=336 + dominant-baseline
14:47:58 | WARNING  | edupptx.agent - Slide 12: Auto-fixed circle label "3": snapped to cx=842,cy=464 + dominant-baseline
14:47:58 | WARNING  | edupptx.agent - Slide 12: PPT 对 SVG clipPath 支持有限，可能导致渲染差异
14:47:58 | WARNING  | edupptx.agent - Slide 12: Wrapped long text (24 chars) into 2 lines for 314px
14:47:58 | WARNING  | edupptx.agent - Slide 12: Wrapped long text (21 chars) into 2 lines for 314px
14:47:58 | WARNING  | edupptx.agent - Slide 12: Adjusted image to fit card bounds 672x504->632x474
14:48:04 | INFO     | edupptx.postprocess.svg_reviewer - Slide 11 reviewed by LLM (3240 chars)
14:48:04 | WARNING  | edupptx.agent - Slide 13: Wrapped long text (15 chars) into 2 lines for 192px
14:48:04 | WARNING  | edupptx.agent - Slide 13: Expanded card height 470->580 (text bottom 706 overflowed card bottom 600)
14:48:04 | WARNING  | edupptx.materials.icons - Icon 'vibration' not found in assets, using fallback circle
14:48:04 | INFO     | edupptx.agent - Slide 13: embedded 4 icon(s)
14:48:04 | WARNING  | edupptx.agent - Slide 15: Auto-fixed circle label "1": snapped to cx=90,cy=148 + dominant-baseline
14:48:04 | WARNING  | edupptx.agent - Slide 15: Auto-fixed circle label "A": snapped to cx=106,cy=234 + dominant-baseline
14:48:04 | WARNING  | edupptx.agent - Slide 15: Auto-fixed circle label "B": snapped to cx=106,cy=276 + dominant-baseline
14:48:04 | WARNING  | edupptx.agent - Slide 15: Auto-fixed circle label "C": snapped to cx=106,cy=318 + dominant-baseline
14:48:04 | WARNING  | edupptx.agent - Slide 15: Auto-fixed circle label "D": snapped to cx=106,cy=360 + dominant-baseline
14:48:04 | WARNING  | edupptx.agent - Slide 15: Auto-fixed circle label "2": snapped to cx=490,cy=148 + dominant-baseline
14:48:04 | WARNING  | edupptx.agent - Slide 15: Auto-fixed circle label "A": snapped to cx=506,cy=234 + dominant-baseline
14:48:04 | WARNING  | edupptx.agent - Slide 15: Auto-fixed circle label "B": snapped to cx=506,cy=276 + dominant-baseline
14:48:04 | WARNING  | edupptx.agent - Slide 15: Auto-fixed circle label "C": snapped to cx=506,cy=318 + dominant-baseline
14:48:04 | WARNING  | edupptx.agent - Slide 15: Auto-fixed circle label "D": snapped to cx=506,cy=360 + dominant-baseline
14:48:04 | WARNING  | edupptx.agent - Slide 15: Auto-fixed circle label "3": snapped to cx=890,cy=148 + dominant-baseline
14:48:04 | WARNING  | edupptx.agent - Slide 15: Auto-fixed circle label "A": snapped to cx=906,cy=234 + dominant-baseline
14:48:04 | WARNING  | edupptx.agent - Slide 15: Auto-fixed circle label "B": snapped to cx=906,cy=276 + dominant-baseline
14:48:04 | WARNING  | edupptx.agent - Slide 15: Auto-fixed circle label "C": snapped to cx=906,cy=318 + dominant-baseline
14:48:04 | WARNING  | edupptx.agent - Slide 15: Auto-fixed circle label "D": snapped to cx=906,cy=360 + dominant-baseline
14:48:04 | WARNING  | edupptx.agent - Slide 15: Wrapped long text (19 chars) into 2 lines for 284px
14:48:04 | WARNING  | edupptx.agent - Slide 15: Clamped <rect> x=40 to 50
14:48:04 | WARNING  | edupptx.agent - Slide 15: Fixed text overlap: pushed y from 239.0 to 240.04
14:48:04 | WARNING  | edupptx.agent - Slide 15: 圆内编号 "A" 未对齐：text y=234 但 circle cy=276，差 -42px。应设 text y = circle cy
14:48:04 | WARNING  | edupptx.agent - Slide 15: 圆内编号 "B" 未对齐：text y=276 但 circle cy=234，差 42px。应设 text y = circle cy
14:48:04 | WARNING  | edupptx.agent - Slide 15: 圆内编号 "C" 未对齐：text y=318 但 circle cy=276，差 42px。应设 text y = circle cy
14:48:04 | WARNING  | edupptx.agent - Slide 15: 圆内编号 "D" 未对齐：text y=360 但 circle cy=318，差 42px。应设 text y = circle cy
14:48:04 | WARNING  | edupptx.agent - Slide 15: 圆内编号 "A" 未对齐：text y=234 但 circle cy=276，差 -42px。应设 text y = circle cy
14:48:04 | WARNING  | edupptx.agent - Slide 15: 圆内编号 "B" 未对齐：text y=276 但 circle cy=234，差 42px。应设 text y = circle cy
14:48:04 | WARNING  | edupptx.agent - Slide 15: 圆内编号 "C" 未对齐：text y=318 但 circle cy=276，差 42px。应设 text y = circle cy
14:48:04 | WARNING  | edupptx.agent - Slide 15: 圆内编号 "D" 未对齐：text y=360 但 circle cy=318，差 42px。应设 text y = circle cy
14:48:04 | WARNING  | edupptx.agent - Slide 15: 圆内编号 "A" 未对齐：text y=234 但 circle cy=276，差 -42px。应设 text y = circle cy
14:48:04 | WARNING  | edupptx.agent - Slide 15: 圆内编号 "B" 未对齐：text y=276 但 circle cy=234，差 42px。应设 text y = circle cy
14:48:04 | WARNING  | edupptx.agent - Slide 15: 圆内编号 "C" 未对齐：text y=318 但 circle cy=276，差 42px。应设 text y = circle cy
14:48:04 | WARNING  | edupptx.agent - Slide 15: 圆内编号 "D" 未对齐：text y=360 但 circle cy=318，差 42px。应设 text y = circle cy
14:48:07 | INFO     | edupptx.postprocess.svg_reviewer - Slide 10 reviewed by LLM (3899 chars)
14:48:07 | INFO     | edupptx.postprocess.svg_reviewer - Slide 2 reviewed by LLM (4229 chars)
14:48:07 | WARNING  | edupptx.materials.icons - Icon 'ear' not found in assets, using fallback circle
14:48:07 | WARNING  | edupptx.materials.icons - Icon 'edit-3' not found in assets, using fallback circle
14:48:07 | INFO     | edupptx.agent - Slide 2: embedded 6 icon(s)
14:48:07 | WARNING  | edupptx.agent - Slide 16: Auto-fixed circle label "1": snapped to cx=90,cy=148 + dominant-baseline
14:48:07 | WARNING  | edupptx.agent - Slide 16: Auto-fixed circle label "A": snapped to cx=106,cy=234 + dominant-baseline
14:48:07 | WARNING  | edupptx.agent - Slide 16: Auto-fixed circle label "B": snapped to cx=106,cy=276 + dominant-baseline
14:48:07 | WARNING  | edupptx.agent - Slide 16: Auto-fixed circle label "C": snapped to cx=106,cy=318 + dominant-baseline
14:48:07 | WARNING  | edupptx.agent - Slide 16: Auto-fixed circle label "D": snapped to cx=106,cy=360 + dominant-baseline
14:48:07 | WARNING  | edupptx.agent - Slide 16: Auto-fixed circle label "2": snapped to cx=490,cy=148 + dominant-baseline
14:48:07 | WARNING  | edupptx.agent - Slide 16: Auto-fixed circle label "A": snapped to cx=506,cy=234 + dominant-baseline
14:48:07 | WARNING  | edupptx.agent - Slide 16: Auto-fixed circle label "B": snapped to cx=506,cy=276 + dominant-baseline
14:48:07 | WARNING  | edupptx.agent - Slide 16: Auto-fixed circle label "C": snapped to cx=506,cy=318 + dominant-baseline
14:48:07 | WARNING  | edupptx.agent - Slide 16: Auto-fixed circle label "D": snapped to cx=506,cy=360 + dominant-baseline
14:48:07 | WARNING  | edupptx.agent - Slide 16: Auto-fixed circle label "3": snapped to cx=890,cy=148 + dominant-baseline
14:48:07 | WARNING  | edupptx.agent - Slide 16: Auto-fixed circle label "A": snapped to cx=906,cy=234 + dominant-baseline
14:48:07 | WARNING  | edupptx.agent - Slide 16: Auto-fixed circle label "B": snapped to cx=906,cy=276 + dominant-baseline
14:48:07 | WARNING  | edupptx.agent - Slide 16: Auto-fixed circle label "C": snapped to cx=906,cy=318 + dominant-baseline
14:48:07 | WARNING  | edupptx.agent - Slide 16: Auto-fixed circle label "D": snapped to cx=906,cy=360 + dominant-baseline
14:48:07 | WARNING  | edupptx.agent - Slide 16: Wrapped long text (19 chars) into 2 lines for 284px
14:48:07 | WARNING  | edupptx.agent - Slide 16: Clamped <rect> x=40 to 50
14:48:07 | WARNING  | edupptx.agent - Slide 16: Fixed text overlap: pushed y from 239.0 to 240.04
14:48:07 | WARNING  | edupptx.agent - Slide 16: 圆内编号 "A" 未对齐：text y=234 但 circle cy=276，差 -42px。应设 text y = circle cy
14:48:07 | WARNING  | edupptx.agent - Slide 16: 圆内编号 "B" 未对齐：text y=276 但 circle cy=234，差 42px。应设 text y = circle cy
14:48:07 | WARNING  | edupptx.agent - Slide 16: 圆内编号 "C" 未对齐：text y=318 但 circle cy=276，差 42px。应设 text y = circle cy
14:48:07 | WARNING  | edupptx.agent - Slide 16: 圆内编号 "D" 未对齐：text y=360 但 circle cy=318，差 42px。应设 text y = circle cy
14:48:07 | WARNING  | edupptx.agent - Slide 16: 圆内编号 "A" 未对齐：text y=234 但 circle cy=276，差 -42px。应设 text y = circle cy
14:48:07 | WARNING  | edupptx.agent - Slide 16: 圆内编号 "B" 未对齐：text y=276 但 circle cy=234，差 42px。应设 text y = circle cy
14:48:07 | WARNING  | edupptx.agent - Slide 16: 圆内编号 "C" 未对齐：text y=318 但 circle cy=276，差 42px。应设 text y = circle cy
14:48:07 | WARNING  | edupptx.agent - Slide 16: 圆内编号 "D" 未对齐：text y=360 但 circle cy=318，差 42px。应设 text y = circle cy
14:48:07 | WARNING  | edupptx.agent - Slide 16: 圆内编号 "A" 未对齐：text y=234 但 circle cy=276，差 -42px。应设 text y = circle cy
14:48:07 | WARNING  | edupptx.agent - Slide 16: 圆内编号 "B" 未对齐：text y=276 但 circle cy=234，差 42px。应设 text y = circle cy
14:48:07 | WARNING  | edupptx.agent - Slide 16: 圆内编号 "C" 未对齐：text y=318 但 circle cy=276，差 42px。应设 text y = circle cy
14:48:07 | WARNING  | edupptx.agent - Slide 16: 圆内编号 "D" 未对齐：text y=360 但 circle cy=318，差 42px。应设 text y = circle cy
14:48:07 | WARNING  | edupptx.agent - Slide 17: Auto-fixed circle label "4": snapped to cx=90,cy=160 + dominant-baseline
14:48:07 | WARNING  | edupptx.agent - Slide 17: Auto-fixed circle label "A": snapped to cx=90,cy=270 + dominant-baseline
14:48:07 | WARNING  | edupptx.agent - Slide 17: Auto-fixed circle label "B": snapped to cx=90,cy=270 + dominant-baseline
14:48:07 | WARNING  | edupptx.agent - Slide 17: Auto-fixed circle label "C": snapped to cx=90,cy=314 + dominant-baseline
14:48:07 | WARNING  | edupptx.agent - Slide 17: Auto-fixed circle label "D": snapped to cx=240,cy=270 + dominant-baseline
14:48:07 | WARNING  | edupptx.agent - Slide 17: Auto-fixed circle label "5": snapped to cx=490,cy=160 + dominant-baseline
14:48:07 | WARNING  | edupptx.agent - Slide 17: Auto-fixed circle label "A": snapped to cx=490,cy=270 + dominant-baseline
14:48:07 | WARNING  | edupptx.agent - Slide 17: Auto-fixed circle label "B": snapped to cx=490,cy=270 + dominant-baseline
14:48:07 | WARNING  | edupptx.agent - Slide 17: Auto-fixed circle label "C": snapped to cx=490,cy=314 + dominant-baseline
14:48:07 | WARNING  | edupptx.agent - Slide 17: Auto-fixed circle label "D": snapped to cx=640,cy=270 + dominant-baseline
14:48:07 | WARNING  | edupptx.agent - Slide 17: Auto-fixed circle label "6": snapped to cx=890,cy=160 + dominant-baseline
14:48:07 | WARNING  | edupptx.agent - Slide 17: Auto-fixed circle label "A": snapped to cx=890,cy=270 + dominant-baseline
14:48:07 | WARNING  | edupptx.agent - Slide 17: Auto-fixed circle label "B": snapped to cx=890,cy=270 + dominant-baseline
14:48:07 | WARNING  | edupptx.agent - Slide 17: Auto-fixed circle label "C": snapped to cx=890,cy=314 + dominant-baseline
14:48:07 | WARNING  | edupptx.agent - Slide 17: Auto-fixed circle label "D": snapped to cx=1040,cy=270 + dominant-baseline
14:48:07 | WARNING  | edupptx.agent - Slide 17: 圆内编号 "A" 未对齐：text y=270 但 circle cy=314，差 -44px。应设 text y = circle cy
14:48:07 | WARNING  | edupptx.agent - Slide 17: 圆内编号 "B" 未对齐：text y=270 但 circle cy=314，差 -44px。应设 text y = circle cy
14:48:07 | WARNING  | edupptx.agent - Slide 17: 圆内编号 "C" 未对齐：text y=314 但 circle cy=270，差 44px。应设 text y = circle cy
14:48:07 | WARNING  | edupptx.agent - Slide 17: 圆内编号 "A" 未对齐：text y=270 但 circle cy=314，差 -44px。应设 text y = circle cy
14:48:07 | WARNING  | edupptx.agent - Slide 17: 圆内编号 "B" 未对齐：text y=270 但 circle cy=314，差 -44px。应设 text y = circle cy
14:48:07 | WARNING  | edupptx.agent - Slide 17: 圆内编号 "C" 未对齐：text y=314 但 circle cy=270，差 44px。应设 text y = circle cy
14:48:07 | WARNING  | edupptx.agent - Slide 17: 圆内编号 "A" 未对齐：text y=270 但 circle cy=314，差 -44px。应设 text y = circle cy
14:48:07 | WARNING  | edupptx.agent - Slide 17: 圆内编号 "B" 未对齐：text y=270 但 circle cy=314，差 -44px。应设 text y = circle cy
14:48:07 | WARNING  | edupptx.agent - Slide 17: 圆内编号 "C" 未对齐：text y=314 但 circle cy=270，差 44px。应设 text y = circle cy
14:48:30 | INFO     | edupptx.postprocess.svg_reviewer - Slide 12 reviewed by LLM (4398 chars)
14:48:30 | WARNING  | edupptx.agent - Slide 18: Auto-fixed circle label "4": snapped to cx=90,cy=160 + dominant-baseline
14:48:30 | WARNING  | edupptx.agent - Slide 18: Auto-fixed circle label "A": snapped to cx=90,cy=270 + dominant-baseline
14:48:30 | WARNING  | edupptx.agent - Slide 18: Auto-fixed circle label "B": snapped to cx=90,cy=270 + dominant-baseline
14:48:30 | WARNING  | edupptx.agent - Slide 18: Auto-fixed circle label "C": snapped to cx=90,cy=314 + dominant-baseline
14:48:30 | WARNING  | edupptx.agent - Slide 18: Auto-fixed circle label "D": snapped to cx=240,cy=270 + dominant-baseline
14:48:30 | WARNING  | edupptx.agent - Slide 18: Auto-fixed circle label "5": snapped to cx=490,cy=160 + dominant-baseline
14:48:30 | WARNING  | edupptx.agent - Slide 18: Auto-fixed circle label "A": snapped to cx=490,cy=270 + dominant-baseline
14:48:30 | WARNING  | edupptx.agent - Slide 18: Auto-fixed circle label "B": snapped to cx=490,cy=270 + dominant-baseline
14:48:30 | WARNING  | edupptx.agent - Slide 18: Auto-fixed circle label "C": snapped to cx=490,cy=314 + dominant-baseline
14:48:30 | WARNING  | edupptx.agent - Slide 18: Auto-fixed circle label "D": snapped to cx=640,cy=270 + dominant-baseline
14:48:30 | WARNING  | edupptx.agent - Slide 18: Auto-fixed circle label "6": snapped to cx=890,cy=160 + dominant-baseline
14:48:30 | WARNING  | edupptx.agent - Slide 18: Auto-fixed circle label "A": snapped to cx=890,cy=270 + dominant-baseline
14:48:30 | WARNING  | edupptx.agent - Slide 18: Auto-fixed circle label "B": snapped to cx=890,cy=270 + dominant-baseline
14:48:30 | WARNING  | edupptx.agent - Slide 18: Auto-fixed circle label "C": snapped to cx=890,cy=314 + dominant-baseline
14:48:30 | WARNING  | edupptx.agent - Slide 18: Auto-fixed circle label "D": snapped to cx=1040,cy=270 + dominant-baseline
14:48:30 | WARNING  | edupptx.agent - Slide 18: Wrapped long text (6 chars) into 2 lines for 96px
14:48:30 | WARNING  | edupptx.agent - Slide 18: Fixed text overlap: pushed y from 363.0 to 366.58
14:48:30 | WARNING  | edupptx.agent - Slide 18: 圆内编号 "A" 未对齐：text y=270 但 circle cy=314，差 -44px。应设 text y = circle cy
14:48:30 | WARNING  | edupptx.agent - Slide 18: 圆内编号 "B" 未对齐：text y=270 但 circle cy=314，差 -44px。应设 text y = circle cy
14:48:30 | WARNING  | edupptx.agent - Slide 18: 圆内编号 "C" 未对齐：text y=314 但 circle cy=270，差 44px。应设 text y = circle cy
14:48:30 | WARNING  | edupptx.agent - Slide 18: 圆内编号 "A" 未对齐：text y=270 但 circle cy=314，差 -44px。应设 text y = circle cy
14:48:30 | WARNING  | edupptx.agent - Slide 18: 圆内编号 "B" 未对齐：text y=270 但 circle cy=314，差 -44px。应设 text y = circle cy
14:48:30 | WARNING  | edupptx.agent - Slide 18: 圆内编号 "C" 未对齐：text y=314 但 circle cy=270，差 44px。应设 text y = circle cy
14:48:30 | WARNING  | edupptx.agent - Slide 18: 圆内编号 "A" 未对齐：text y=270 但 circle cy=314，差 -44px。应设 text y = circle cy
14:48:30 | WARNING  | edupptx.agent - Slide 18: 圆内编号 "B" 未对齐：text y=270 但 circle cy=314，差 -44px。应设 text y = circle cy
14:48:30 | WARNING  | edupptx.agent - Slide 18: 圆内编号 "C" 未对齐：text y=314 但 circle cy=270，差 44px。应设 text y = circle cy
14:48:48 | INFO     | edupptx.postprocess.svg_reviewer - Slide 15 reviewed by LLM (6067 chars)
14:48:48 | WARNING  | edupptx.agent - Slide 19: Auto-fixed circle label "7": snapped to cx=100,cy=172 + dominant-baseline
14:48:48 | WARNING  | edupptx.agent - Slide 19: Auto-fixed circle label "A": snapped to cx=100,cy=242 + dominant-baseline
14:48:48 | WARNING  | edupptx.agent - Slide 19: Auto-fixed circle label "B": snapped to cx=100,cy=242 + dominant-baseline
14:48:48 | WARNING  | edupptx.agent - Slide 19: Auto-fixed circle label "C": snapped to cx=340,cy=242 + dominant-baseline
14:48:48 | WARNING  | edupptx.agent - Slide 19: Auto-fixed circle label "D": snapped to cx=340,cy=242 + dominant-baseline
14:48:48 | WARNING  | edupptx.agent - Slide 19: Auto-fixed circle label "8": snapped to cx=100,cy=462 + dominant-baseline
14:48:48 | WARNING  | edupptx.agent - Slide 19: Auto-fixed circle label "A": snapped to cx=100,cy=532 + dominant-baseline
14:48:48 | WARNING  | edupptx.agent - Slide 19: Auto-fixed circle label "B": snapped to cx=100,cy=532 + dominant-baseline
14:48:48 | WARNING  | edupptx.agent - Slide 19: Auto-fixed circle label "C": snapped to cx=100,cy=582 + dominant-baseline
14:48:48 | WARNING  | edupptx.agent - Slide 19: Auto-fixed circle label "D": snapped to cx=340,cy=532 + dominant-baseline
14:48:48 | WARNING  | edupptx.agent - Slide 19: Auto-fixed circle label "9": snapped to cx=700,cy=172 + dominant-baseline
14:48:48 | WARNING  | edupptx.agent - Slide 19: Auto-fixed circle label "A": snapped to cx=700,cy=242 + dominant-baseline
14:48:48 | WARNING  | edupptx.agent - Slide 19: Auto-fixed circle label "B": snapped to cx=700,cy=242 + dominant-baseline
14:48:48 | WARNING  | edupptx.agent - Slide 19: Auto-fixed circle label "C": snapped to cx=700,cy=292 + dominant-baseline
14:48:48 | WARNING  | edupptx.agent - Slide 19: Auto-fixed circle label "D": snapped to cx=940,cy=242 + dominant-baseline
14:48:48 | WARNING  | edupptx.agent - Slide 19: Auto-fixed circle label "10": snapped to cx=700,cy=462 + dominant-baseline
14:48:48 | WARNING  | edupptx.agent - Slide 19: Auto-fixed circle label "A": snapped to cx=700,cy=532 + dominant-baseline
14:48:48 | WARNING  | edupptx.agent - Slide 19: Auto-fixed circle label "B": snapped to cx=700,cy=532 + dominant-baseline
14:48:48 | WARNING  | edupptx.agent - Slide 19: Auto-fixed circle label "C": snapped to cx=700,cy=582 + dominant-baseline
14:48:48 | WARNING  | edupptx.agent - Slide 19: Auto-fixed circle label "D": snapped to cx=940,cy=532 + dominant-baseline
14:48:48 | WARNING  | edupptx.agent - Slide 19: 圆内编号 "A" 未对齐：text y=242 但 circle cy=172，差 70px。应设 text y = circle cy
14:48:48 | WARNING  | edupptx.agent - Slide 19: 圆内编号 "B" 未对齐：text y=242 但 circle cy=172，差 70px。应设 text y = circle cy
14:48:48 | WARNING  | edupptx.agent - Slide 19: 圆内编号 "C" 未对齐：text y=242 但 circle cy=292，差 -50px。应设 text y = circle cy
14:48:48 | WARNING  | edupptx.agent - Slide 19: 圆内编号 "D" 未对齐：text y=242 但 circle cy=292，差 -50px。应设 text y = circle cy
14:48:48 | WARNING  | edupptx.agent - Slide 19: 圆内编号 "A" 未对齐：text y=532 但 circle cy=462，差 70px。应设 text y = circle cy
14:48:48 | WARNING  | edupptx.agent - Slide 19: 圆内编号 "B" 未对齐：text y=532 但 circle cy=462，差 70px。应设 text y = circle cy
14:48:48 | WARNING  | edupptx.agent - Slide 19: 圆内编号 "C" 未对齐：text y=582 但 circle cy=532，差 50px。应设 text y = circle cy
14:48:48 | WARNING  | edupptx.agent - Slide 19: 圆内编号 "A" 未对齐：text y=242 但 circle cy=172，差 70px。应设 text y = circle cy
14:48:48 | WARNING  | edupptx.agent - Slide 19: 圆内编号 "B" 未对齐：text y=242 但 circle cy=172，差 70px。应设 text y = circle cy
14:48:48 | WARNING  | edupptx.agent - Slide 19: 圆内编号 "C" 未对齐：text y=292 但 circle cy=242，差 50px。应设 text y = circle cy
14:48:48 | WARNING  | edupptx.agent - Slide 19: 圆内编号 "A" 未对齐：text y=532 但 circle cy=462，差 70px。应设 text y = circle cy
14:48:48 | WARNING  | edupptx.agent - Slide 19: 圆内编号 "B" 未对齐：text y=532 但 circle cy=462，差 70px。应设 text y = circle cy
14:48:48 | WARNING  | edupptx.agent - Slide 19: 圆内编号 "C" 未对齐：text y=582 但 circle cy=532，差 50px。应设 text y = circle cy
14:48:53 | INFO     | edupptx.postprocess.svg_reviewer - Slide 16 reviewed by LLM (6855 chars)
14:48:53 | WARNING  | edupptx.agent - Slide 20: Auto-fixed circle label "7": snapped to cx=100,cy=172 + dominant-baseline
14:48:53 | WARNING  | edupptx.agent - Slide 20: Auto-fixed circle label "A": snapped to cx=100,cy=242 + dominant-baseline
14:48:53 | WARNING  | edupptx.agent - Slide 20: Auto-fixed circle label "B": snapped to cx=100,cy=242 + dominant-baseline
14:48:53 | WARNING  | edupptx.agent - Slide 20: Auto-fixed circle label "C": snapped to cx=340,cy=242 + dominant-baseline
14:48:53 | WARNING  | edupptx.agent - Slide 20: Auto-fixed circle label "D": snapped to cx=340,cy=242 + dominant-baseline
14:48:53 | WARNING  | edupptx.agent - Slide 20: Auto-fixed circle label "8": snapped to cx=100,cy=462 + dominant-baseline
14:48:53 | WARNING  | edupptx.agent - Slide 20: Auto-fixed circle label "A": snapped to cx=100,cy=532 + dominant-baseline
14:48:53 | WARNING  | edupptx.agent - Slide 20: Auto-fixed circle label "B": snapped to cx=100,cy=532 + dominant-baseline
14:48:53 | WARNING  | edupptx.agent - Slide 20: Auto-fixed circle label "C": snapped to cx=100,cy=582 + dominant-baseline
14:48:53 | WARNING  | edupptx.agent - Slide 20: Auto-fixed circle label "D": snapped to cx=340,cy=532 + dominant-baseline
14:48:53 | WARNING  | edupptx.agent - Slide 20: Auto-fixed circle label "9": snapped to cx=700,cy=172 + dominant-baseline
14:48:53 | WARNING  | edupptx.agent - Slide 20: Auto-fixed circle label "A": snapped to cx=700,cy=242 + dominant-baseline
14:48:53 | WARNING  | edupptx.agent - Slide 20: Auto-fixed circle label "B": snapped to cx=700,cy=242 + dominant-baseline
14:48:53 | WARNING  | edupptx.agent - Slide 20: Auto-fixed circle label "C": snapped to cx=700,cy=292 + dominant-baseline
14:48:53 | WARNING  | edupptx.agent - Slide 20: Auto-fixed circle label "D": snapped to cx=940,cy=242 + dominant-baseline
14:48:53 | WARNING  | edupptx.agent - Slide 20: Auto-fixed circle label "10": snapped to cx=700,cy=462 + dominant-baseline
14:48:53 | WARNING  | edupptx.agent - Slide 20: Auto-fixed circle label "A": snapped to cx=700,cy=532 + dominant-baseline
14:48:53 | WARNING  | edupptx.agent - Slide 20: Auto-fixed circle label "B": snapped to cx=700,cy=532 + dominant-baseline
14:48:53 | WARNING  | edupptx.agent - Slide 20: Auto-fixed circle label "C": snapped to cx=700,cy=582 + dominant-baseline
14:48:53 | WARNING  | edupptx.agent - Slide 20: Auto-fixed circle label "D": snapped to cx=940,cy=532 + dominant-baseline
14:48:53 | WARNING  | edupptx.agent - Slide 20: 圆内编号 "A" 未对齐：text y=242 但 circle cy=172，差 70px。应设 text y = circle cy
14:48:53 | WARNING  | edupptx.agent - Slide 20: 圆内编号 "B" 未对齐：text y=242 但 circle cy=172，差 70px。应设 text y = circle cy
14:48:53 | WARNING  | edupptx.agent - Slide 20: 圆内编号 "C" 未对齐：text y=242 但 circle cy=292，差 -50px。应设 text y = circle cy
14:48:53 | WARNING  | edupptx.agent - Slide 20: 圆内编号 "D" 未对齐：text y=242 但 circle cy=292，差 -50px。应设 text y = circle cy
14:48:53 | WARNING  | edupptx.agent - Slide 20: 圆内编号 "A" 未对齐：text y=532 但 circle cy=462，差 70px。应设 text y = circle cy
14:48:53 | WARNING  | edupptx.agent - Slide 20: 圆内编号 "B" 未对齐：text y=532 但 circle cy=462，差 70px。应设 text y = circle cy
14:48:53 | WARNING  | edupptx.agent - Slide 20: 圆内编号 "C" 未对齐：text y=582 但 circle cy=532，差 50px。应设 text y = circle cy
14:48:53 | WARNING  | edupptx.agent - Slide 20: 圆内编号 "A" 未对齐：text y=242 但 circle cy=172，差 70px。应设 text y = circle cy
14:48:53 | WARNING  | edupptx.agent - Slide 20: 圆内编号 "B" 未对齐：text y=242 但 circle cy=172，差 70px。应设 text y = circle cy
14:48:53 | WARNING  | edupptx.agent - Slide 20: 圆内编号 "C" 未对齐：text y=292 但 circle cy=242，差 50px。应设 text y = circle cy
14:48:53 | WARNING  | edupptx.agent - Slide 20: 圆内编号 "A" 未对齐：text y=532 但 circle cy=462，差 70px。应设 text y = circle cy
14:48:53 | WARNING  | edupptx.agent - Slide 20: 圆内编号 "B" 未对齐：text y=532 但 circle cy=462，差 70px。应设 text y = circle cy
14:48:53 | WARNING  | edupptx.agent - Slide 20: 圆内编号 "C" 未对齐：text y=582 但 circle cy=532，差 50px。应设 text y = circle cy
14:48:54 | INFO     | edupptx.postprocess.svg_reviewer - Slide 17 reviewed by LLM (6174 chars)
14:48:54 | WARNING  | edupptx.agent - Slide 21: 页面标题位置异常：y=290（应在 y=50 附近）。标题可能被卡片遮挡或布局错乱，建议移到 y=50
14:49:14 | INFO     | edupptx.postprocess.svg_reviewer - Slide 21 reviewed by LLM (2329 chars)
14:49:14 | INFO     | edupptx.agent - Slide 21: embedded 1 icon(s)
14:49:29 | INFO     | edupptx.postprocess.svg_reviewer - Slide 18 reviewed by LLM (7264 chars)
14:50:08 | INFO     | edupptx.postprocess.svg_reviewer - Slide 19 reviewed by LLM (10141 chars)
14:50:15 | INFO     | edupptx.postprocess.svg_reviewer - Slide 20 reviewed by LLM (10913 chars)
14:50:15 | INFO     | edupptx.agent - Post-processed 21 SVGs
14:50:16 | INFO     | edupptx.agent - Done! 21 slides, output: output/session_20260424_141922/output.pptx
输出: output/session_20260424_141922/output.pptx
SVG: output/session_20260424_141922/slides
